// Vitest Snapshot v1, https://vitest.dev/guide/snapshot.html

exports[`schemaVersion > travels with the payload it describes 1`] = `
{
  "commands": [
    {
      "arguments": [],
      "description": "Manage tasks",
      "name": "tasks",
      "options": [],
    },
    {
      "arguments": [],
      "description": "List tasks by date or backlog",
      "name": "tasks list",
      "options": [
        {
          "default": undefined,
          "description": "YYYY-MM-DD or natural language ("tomorrow", "next monday")",
          "flags": "--date <date>",
          "required": false,
          "type": "string",
        },
        {
          "default": undefined,
          "description": "Show backlog tasks",
          "flags": "--backlog",
          "required": false,
          "type": "boolean",
        },
        {
          "default": undefined,
          "description": "Filter by tag",
          "flags": "--tag <tag>",
          "required": false,
          "type": "string",
        },
        {
          "default": undefined,
          "description": "Show yesterday's tasks",
          "flags": "--yesterday",
          "required": false,
          "type": "boolean",
        },
        {
          "default": undefined,
          "description": "Show tomorrow's tasks",
          "flags": "--tomorrow",
          "required": false,
          "type": "boolean",
        },
      ],
    },
    {
      "arguments": [
        {
          "description": "",
          "name": "id",
          "required": true,
          "variadic": false,
        },
      ],
      "description": "Get a task by ID",
      "name": "tasks get",
      "options": [],
    },
    {
      "arguments": [
        {
          "description": "",
          "name": "text",
          "required": false,
          "variadic": true,
        },
      ],
      "description": "Create a task — quick via text/flags, or an interactive wizard",
      "name": "tasks create",
      "options": [
        {
          "default": undefined,
          "description": "Task text (alternative to positional text)",
          "flags": "--text <text>",
          "required": false,
          "type": "string",
        },
        {
          "default": undefined,
          "description": "Due date: YYYY-MM-DD, "YYYY-MM-DD HH:mm", or natural language",
          "flags": "--due <date>",
          "required": false,
          "type": "string",
        },
        {
          "default": undefined,
          "description": "No due date (Someday / backlog)",
          "flags": "--backlog",
          "required": false,
          "type": "boolean",
        },
        {
          "default": undefined,
          "description": "Recurring routine: daily | weekly | monthly",
          "enum": [
            "daily",
            "weekly",
            "monthly",
            "none",
          ],
          "flags": "--repeat <type>",
          "required": false,
          "type": "string",
        },
        {
          "default": undefined,
          "description": "For --repeat weekly: comma list e.g. Mon,Wed,Fri",
          "flags": "--weekdays <days>",
          "required": false,
          "type": "string",
        },
        {
          "default": undefined,
          "description": "For --repeat monthly: comma list e.g. 1,15",
          "flags": "--month-days <days>",
          "required": false,
          "type": "string",
        },
        {
          "default": undefined,
          "description": "Repeat interval (every N days/weeks/months)",
          "flags": "--every <n>",
          "required": false,
          "type": "string",
        },
        {
          "default": undefined,
          "description": "Comma-separated tags",
          "flags": "--tags <tags>",
          "required": false,
          "type": "string",
        },
        {
          "default": undefined,
          "description": "Make task public",
          "flags": "--public",
          "required": false,
          "type": "boolean",
        },
        {
          "default": undefined,
          "description": "Make task private (default)",
          "flags": "--private",
          "required": false,
          "type": "boolean",
        },
        {
          "default": undefined,
          "description": "Private note",
          "flags": "--note <note>",
          "required": false,
          "type": "string",
        },
        {
          "default": undefined,
          "description": "Effort 0–3 (S/M/L/XL)",
          "enum": [
            0,
            1,
            2,
            3,
          ],
          "flags": "--difficulty <n>",
          "required": false,
          "type": "string",
        },
        {
          "default": undefined,
          "description": "Duration in minutes",
          "flags": "--duration <n>",
          "required": false,
          "type": "string",
        },
        {
          "default": [],
          "description": "Add a subtask (repeatable: --subtask "a" --subtask "b")",
          "flags": "--subtask <text>",
          "repeatable": true,
          "required": false,
          "type": "string[]",
        },
        {
          "default": undefined,
          "description": "Idempotency key — retrying with the same id returns the existing task instead of duplicating",
          "flags": "--client-task-id <id>",
          "required": false,
          "type": "string",
        },
      ],
    },
    {
      "arguments": [
        {
          "description": "",
          "name": "id",
          "required": true,
          "variadic": false,
        },
      ],
      "description": "Update a task",
      "name": "tasks update",
      "options": [
        {
          "default": undefined,
          "description": "Task text",
          "flags": "--text <text>",
          "required": false,
          "type": "string",
        },
        {
          "default": undefined,
          "description": "Due date: YYYY-MM-DD, "YYYY-MM-DD HH:mm", or natural language",
          "flags": "--due <date>",
          "required": false,
          "type": "string",
        },
        {
          "default": undefined,
          "description": "Strip time-of-day; treat task as all-day",
          "flags": "--clear-time",
          "required": false,
          "type": "boolean",
        },
        {
          "default": undefined,
          "description": "Alias of --clear-time",
          "flags": "--no-time",
          "required": false,
          "type": "boolean",
        },
        {
          "default": undefined,
          "description": "Comma-separated tags",
          "flags": "--tags <tags>",
          "required": false,
          "type": "string",
        },
        {
          "default": undefined,
          "description": "Make task public",
          "flags": "--public",
          "required": false,
          "type": "boolean",
        },
        {
          "default": undefined,
          "description": "Make task private",
          "flags": "--private",
          "required": false,
          "type": "boolean",
        },
        {
          "default": undefined,
          "description": "Task note",
          "flags": "--note <note>",
          "required": false,
          "type": "string",
        },
        {
          "default": undefined,
          "description": "Difficulty 0-3 (S/M/L/XL)",
          "enum": [
            0,
            1,
            2,
            3,
          ],
          "flags": "--difficulty <n>",
          "required": false,
          "type": "string",
        },
        {
          "default": undefined,
          "description": "Duration in minutes",
          "flags": "--duration <n>",
          "required": false,
          "type": "string",
        },
        {
          "default": undefined,
          "description": "Set recurrence: daily | weekly | monthly | none",
          "enum": [
            "daily",
            "weekly",
            "monthly",
            "none",
          ],
          "flags": "--repeat <type>",
          "required": false,
          "type": "string",
        },
        {
          "default": undefined,
          "description": "For --repeat weekly: comma list e.g. Mon,Wed",
          "flags": "--weekdays <days>",
          "required": false,
          "type": "string",
        },
        {
          "default": undefined,
          "description": "For --repeat monthly: comma list e.g. 1,15",
          "flags": "--month-days <days>",
          "required": false,
          "type": "string",
        },
        {
          "default": undefined,
          "description": "Repeat interval (every N)",
          "flags": "--every <n>",
          "required": false,
          "type": "string",
        },
        {
          "default": undefined,
          "description": "Move to backlog (clear the due date)",
          "flags": "--backlog",
          "required": false,
          "type": "boolean",
        },
        {
          "default": [],
          "description": "Replace subtasks (repeatable: --subtask "a" --subtask "b")",
          "flags": "--subtask <text>",
          "repeatable": true,
          "required": false,
          "type": "string[]",
        },
      ],
    },
    {
      "arguments": [
        {
          "alternatives": [
            "--stdin",
          ],
          "description": "",
          "name": "id",
          "required": false,
          "variadic": false,
        },
      ],
      "description": "Delete a task",
      "name": "tasks delete",
      "options": [
        {
          "default": undefined,
          "description": "Skip confirmation prompt",
          "flags": "--yes",
          "required": false,
          "type": "boolean",
        },
        {
          "default": undefined,
          "description": "Read task IDs from stdin (one per line)",
          "flags": "--stdin",
          "required": false,
          "type": "boolean",
        },
      ],
    },
    {
      "arguments": [
        {
          "alternatives": [
            "--stdin",
          ],
          "description": "",
          "name": "id",
          "required": false,
          "variadic": false,
        },
      ],
      "description": "Mark task as complete",
      "name": "tasks complete",
      "options": [
        {
          "default": undefined,
          "description": "Completion datetime "YYYY-MM-DD HH:mm"",
          "flags": "--date <datetime>",
          "required": false,
          "type": "string",
        },
        {
          "default": undefined,
          "description": "Read task IDs from stdin (one per line)",
          "flags": "--stdin",
          "required": false,
          "type": "boolean",
        },
      ],
    },
    {
      "arguments": [
        {
          "alternatives": [
            "--stdin",
          ],
          "description": "",
          "name": "id",
          "required": false,
          "variadic": false,
        },
      ],
      "description": "Mark task as incomplete",
      "name": "tasks uncomplete",
      "options": [
        {
          "default": undefined,
          "description": "Read task IDs from stdin (one per line)",
          "flags": "--stdin",
          "required": false,
          "type": "boolean",
        },
      ],
    },
    {
      "arguments": [],
      "description": "Browse community posts and comments",
      "name": "posts",
      "options": [],
    },
    {
      "arguments": [],
      "description": "List posts",
      "name": "posts list",
      "options": [
        {
          "default": undefined,
          "description": "",
          "flags": "--cursor <cursor>",
          "required": false,
          "type": "string",
        },
        {
          "default": "20",
          "description": "Max results (<=50)",
          "flags": "--limit <n>",
          "required": false,
          "type": "string",
        },
      ],
    },
    {
      "arguments": [
        {
          "description": "",
          "name": "id",
          "required": true,
          "variadic": false,
        },
      ],
      "description": "Get post details",
      "name": "posts get",
      "options": [],
    },
    {
      "arguments": [
        {
          "description": "",
          "name": "postId",
          "required": true,
          "variadic": false,
        },
      ],
      "description": "List comments on a post",
      "name": "posts comments",
      "options": [
        {
          "default": undefined,
          "description": "",
          "flags": "--cursor <cursor>",
          "required": false,
          "type": "string",
        },
        {
          "default": "20",
          "description": "Max results (<=50)",
          "flags": "--limit <n>",
          "required": false,
          "type": "string",
        },
      ],
    },
    {
      "arguments": [
        {
          "description": "",
          "name": "postId",
          "required": true,
          "variadic": false,
        },
        {
          "description": "",
          "name": "commentId",
          "required": true,
          "variadic": false,
        },
      ],
      "description": "List replies on a comment",
      "name": "posts replies",
      "options": [
        {
          "default": undefined,
          "description": "",
          "flags": "--cursor <cursor>",
          "required": false,
          "type": "string",
        },
        {
          "default": "20",
          "description": "Max results (<=50)",
          "flags": "--limit <n>",
          "required": false,
          "type": "string",
        },
      ],
    },
    {
      "arguments": [],
      "description": "View your profile",
      "name": "profile",
      "options": [],
    },
  ],
  "schemaVersion": "2",
}
`;
